[truthout.org/articles/los-angeles-teachers-union-defends-students-from-trumps-anti-migrant-crackdown/index.html]
[truthout.org/articles/los-angeles-teachers-union-defends-students-from-trumps-anti-migrant-crackdown/e,location.href]
[backblue.gif]
[fade.gif]
[index.html]
[connect.facebook.net/en_US/fbevents.js]
[truthout.org/app/themes/truthout5/public/styles/appfe3e.css]
[truthout.org/wp/wp-includes/js/jquery/jquery.minf43b.js]
[truthout.org/wp/wp-includes/js/jquery/jquery-migrate.min5589.js]
[truthout.org/app/plugins/advanced-ads/public/assets/js/advanced.min2a83.js]
[truthout.org/webicons/apple-touch-icon.png]
[truthout.org/webicons/favicon-32x32.png]
[truthout.org/webicons/favicon-16x16.png]
[use.typekit.net/tcf1vwe.css]
[chimpstatic.com/mcjs-connected/js/users/913e3fb0c16829e59f7694d2a/4726dae6779b3469917d97674.js]
[cdn.flipboard.com/web/buttons/js/flbuttons.min.html]
[truthout.org/app/uploads/2018/03/cropped-Truthout-T-logo-sq-1200x1200-e1521532408148-60x60.png]
[truthout.org/app/uploads/2018/03/cropped-Truthout-T-logo-sq-1200x1200-e1521532408148-200x200.png]
[truthout.org/app/uploads/2025/04/2025_0416-la-protest-1200x800.jpg]
[truthout.org/app/uploads/2024/12/2024_1217-schools-1-400x300.jpg]
[truthout.org/articles/los-angeles-teachers-union-defends-students-from-trumps-anti-migrant-crackdown/feed/index80da.html]
[truthout.org/app/uploads/2018/03/seidman-head-shot-400x300.jpg]
[truthout.org/app/uploads/2025/01/GettyImages-2043357093-400x300.jpg]
[truthout.org/app/uploads/2025/02/GettyImages-2197342737-400x300.jpg]
[truthout.org/app/uploads/2025/02/Gi-j02bXMAArzhm-400x300.jpg]
[truthout.org/app/uploads/2025/04/2025_0416-dhs-letters-400x300.jpg]
[truthout.org/app/uploads/2025/04/2025_0416-el-salvador-prison-400x300.jpg]
[truthout.org/app/uploads/2025/04/2025_0416-purdue-400x300.jpg]
[truthout.org/app/uploads/2025/04/2025_0415-van-hollen-400x300.jpg]
[truthout.org/app/uploads/2025/04/2025_0415-columbia-400x300.jpg]
[truthout.org/app/uploads/2025/04/2025_0414-bukele-400x300.jpg]
[truthout.org/app/uploads/2025/04/2025_0414-po-400x300.jpg]
[truthout.org/app/uploads/2025/04/2025_0414-ice-400x300.jpg]
[truthout.org/app/uploads/2025/04/GettyImages-1252487327.jpg]
[truthout.org/app/uploads/2025/04/GettyImages-2202143370-400x300.jpg]
[truthout.org/cdn-cgi/scripts/5c5dd728/cloudflare-static/email-decode.min.js]
[truthout.org/app/plugins/advanced-ads-pro/assets/js/base.min8ada.js]
[truthout.org/app/plugins/advanced-ads-layer/public/assets/js/layerad17.js]
[truthout.org/app/plugins/advanced-ads-sticky-ads/public/assets/js/sticky3cf4.js]
[truthout.org/app/plugins/advanced-ads-pro/assets/js/advanced-ads-pro.min8ada.js]
[truthout.org/app/plugins/advanced-ads-tracking/public/assets/js/dist/tracking.min5e0b.js]
[truthout.org/app/plugins/advanced-ads-tracking/public/assets/js/dist/ga-tracking.min5e0b.js]
[truthout.org/app/plugins/advanced-ads-tracking/public/assets/js/dist/delayed.min5e0b.js]
[truthout.org/app/themes/truthout5/public/scripts/vendor3a10.js]
[truthout.org/app/themes/truthout5/public/scripts/app0ade.js]
[truthout.org/app/themes/truthout5/public/scripts/exclusivese7a4.js]
[truthout.org/wp/wp-includes/js/dist/dom-ready.min5346.js]
[truthout.org/wp/wp-includes/js/dist/hooks.min4fdd.js]
[truthout.org/wp/wp-includes/js/dist/i18n.minc33c.js]
[truthout.org/wp/wp-includes/js/dist/a11y.min3f73.js]
[truthout.org/app/plugins/gravityforms/js/jquery.json.mindf1a.js]
[truthout.org/app/plugins/gravityforms/js/gravityforms.mindf1a.js]
[truthout.org/app/plugins/gravityforms/js/placeholders.jquery.mindf1a.js]
[truthout.org/app/plugins/gravityforms/assets/js/dist/utils.minbdb4.js]
[truthout.org/app/plugins/gravityforms/assets/js/dist/vendor-theme.minca9e.js]
[truthout.org/articles/los-angeles-teachers-union-defends-students-from-trumps-anti-migrant-crackdown/index.html]
[truthout.org/articles/los-angeles-teachers-union-defends-students-from-trumps-anti-migrant-crackdown/e,location.html]
[www.googletagmanager.com/gtm5445.html]
[truthout.org/app/plugins/gravityforms/assets/js/dist/scripts-theme.min00af.js]
[truthout.org/articles/los-angeles-teachers-union-defends-students-from-trumps-anti-migrant-crackdown/b.resolvedLink]
[truthout.org/articles/los-angeles-teachers-union-defends-students-from-trumps-anti-migrant-crackdown/schema.org/index.html]
[truthout.org/signals/iwl.js]
[truthout.org/articles/los-angeles-teachers-union-defends-students-from-trumps-anti-migrant-crackdown/c.dl]
[truthout.org/articles/los-angeles-teachers-union-defends-students-from-trumps-anti-migrant-crackdown/c.rl]
[connect.facebook.net/en_US/fbevents.js]
[truthout.org/app/uploads/2018/12/2018_1211-fund-1.jpg]
[truthout.org/app/themes/truthout5/public/styles/appfe3e.css]
[use.typekit.net/af/e3ed45/00000000000000007735e602/30/lc150]
[use.typekit.net/af/e3ed45/00000000000000007735e602/30/dc150]
[use.typekit.net/af/e3ed45/00000000000000007735e602/30/ac150]
[use.typekit.net/af/2555e1/00000000000000007735e603/30/l652f]
[use.typekit.net/af/2555e1/00000000000000007735e603/30/d652f]
[use.typekit.net/af/2555e1/00000000000000007735e603/30/a652f]
[use.typekit.net/af/efe4a5/00000000000000007735e609/30/le196]
[use.typekit.net/af/efe4a5/00000000000000007735e609/30/de196]
[use.typekit.net/af/efe4a5/00000000000000007735e609/30/ae196]
[use.typekit.net/af/3322cc/00000000000000007735e616/30/lfdcc]
[use.typekit.net/af/3322cc/00000000000000007735e616/30/dfdcc]
[use.typekit.net/af/3322cc/00000000000000007735e616/30/afdcc]
[use.typekit.net/af/1be3c2/00000000000000007735e606/30/l3eab]
[use.typekit.net/af/1be3c2/00000000000000007735e606/30/d3eab]
[use.typekit.net/af/1be3c2/00000000000000007735e606/30/a3eab]
[use.typekit.net/af/40d372/00000000000000007735e607/30/laaa3]
[use.typekit.net/af/40d372/00000000000000007735e607/30/daaa3]
[use.typekit.net/af/40d372/00000000000000007735e607/30/aaaa3]
[use.typekit.net/af/e2b8db/00000000000000003b9ade23/27/le196]
[use.typekit.net/af/e2b8db/00000000000000003b9ade23/27/de196]
[use.typekit.net/af/e2b8db/00000000000000003b9ade23/27/ae196]
[use.typekit.net/af/ab5225/00000000000000003b9ade22/27/lfdcc]
[use.typekit.net/af/ab5225/00000000000000003b9ade22/27/dfdcc]
[use.typekit.net/af/ab5225/00000000000000003b9ade22/27/afdcc]
[use.typekit.net/af/9ed68f/00000000000000003b9ade29/27/l652f]
[use.typekit.net/af/9ed68f/00000000000000003b9ade29/27/d652f]
[use.typekit.net/af/9ed68f/00000000000000003b9ade29/27/a652f]
[use.typekit.net/af/a79646/00000000000000003b9ade28/27/le265]
[use.typekit.net/af/a79646/00000000000000003b9ade28/27/de265]
[use.typekit.net/af/a79646/00000000000000003b9ade28/27/ae265]
[use.typekit.net/af/2b93d5/00000000000000000001309e/27/l652f]
[use.typekit.net/af/2b93d5/00000000000000000001309e/27/d652f]
[use.typekit.net/tcf1vwe.css]
[use.typekit.net/af/2b93d5/00000000000000000001309e/27/a652f]
[cdn.flipboard.com/web/buttons/js/flbuttons.min.html]
[truthout.org/articles/los-angeles-teachers-union-defends-students-from-trumps-anti-migrant-crackdown/schema.org/index.html]
[truthout.org/articles/los-angeles-teachers-union-defends-students-from-trumps-anti-migrant-crackdown/b.html]
[truthout.org/signals/iwl.html]
[truthout.org/articles/los-angeles-teachers-union-defends-students-from-trumps-anti-migrant-crackdown/c.html]
[truthout.org/articles/los-angeles-teachers-union-defends-students-from-trumps-anti-migrant-crackdown/c-2.html]
[p.typekit.net/p36cc.css]
[cdn.flipboard.com/web/buttons/js/FLIPBOARD_URL]
